[backblue.gif]
[fade.gif]
[index.html]
[mvc.mlcdn.com.br/magazinevoce/img/favicon/magazine-voce/apple-touch-icon-57x57.png]
[mvc.mlcdn.com.br/magazinevoce/img/favicon/magazine-voce/apple-touch-icon-72x72.png]
[mvc.mlcdn.com.br/magazinevoce/img/favicon/magazine-voce/apple-touch-icon-114x114.png]
[mvc.mlcdn.com.br/magazinevoce/img/favicon/magazine-voce/apple-touch-icon-144x144.png]
[mvc.mlcdn.com.br/magazinevoce/bundles/cssStore-637dd0e2533805cf269f.css]
[mvc.mlcdn.com.br/magazinevoce/img/loader/loader1.gif]
[mvc.mlcdn.com.br/magazinevoce/bundles/cssBase-637dd0e2533805cf269f.css]
[a-static.mlcdn.com.br/50x50/title-reference/magazineluiza/200637000/cd4fcf50388e26646f7f86cdc7c03bcd.jpg]
[a-static.mlcdn.com.br/50x50/purificador-de-agua-masterfrio-refrigerado-eletronico-parede-mesa-poliestireno-branco-55155/magazineluiza/088889200/777f3b17eaebb9b88f705b12ce5caed7.jpg]
[a-static.mlcdn.com.br/50x50/kindle-paperwhite-amazon-tela-6-4gb-wi-fi-luz-embutida-preto/magazineluiza/213433300/ddcfd065a363046e81bf6d05c2bcf1fa.jpg]
[a-static.mlcdn.com.br/50x50/smart-tv-led-32-samsung-un32j4300-wi-fi-conversor-digital-2-hdmi-1-usb/magazineluiza/193365700/19991cfaea3d86d85500c691ebf0146b.jpg]
[a-static.mlcdn.com.br/50x50/comoda-sapateira-1-porta-4-gavetas-santos-andira-havana-plus/magazineluiza/087780700/684a30db39c560b24a3c6eadf4a14426.jpg]
[a-static.mlcdn.com.br/50x50/panela-eletrica-mondial-cooker-premium-pe-01-700w-18l/magazineluiza/200605100/23c8327192b9d30eca2331fbac365c75.jpg]
[a-static.mlcdn.com.br/50x50/guarda-roupa-casal-10-portas-3-gavetas-araplac-18490-85/magazineluiza/212814300/a3b600fddaac092b306cfd91041db428.jpg]
[d1dhh18vvfes41.cloudfront.net/50x50/010832900.jpg]
[d1dhh18vvfes41.cloudfront.net/50x50/135498900.jpg]
[a-static.mlcdn.com.br/50x50/dvd-player-lg-dp132-conexao-usb/magazineluiza/190718500/69448ad1f2dc700c3bca97f991aea084.jpg]
[mvc.mlcdn.com.br/magazinevoce/img/badges/badge_beginner.png]
[magazinevoce.s3.amazonaws.com/ad/0704_MVC_Loja_OfertasDoDia.png]
[a-static.mlcdn.com.br/232x310/title-reference/magazineluiza/155554000/06f77ed7daa44c1adece63d7500909a3.jpg]
[a-static.mlcdn.com.br/232x310/title-reference/magazineluiza/012299200/6ab80a3b44f1b113302f653b2f095042.jpg]
[a-static.mlcdn.com.br/232x310/title-reference/magazineluiza/222382700/ee9b4d3100a684464230792b69b12348.jpg]
[a-static.mlcdn.com.br/232x310/sofa-retratil-reclinavel-3-lugares-chapeco-catarina/magazineluiza/218309900/e6c0a370135d000b08eacfbf7a4384da.jpg]
[a-static.mlcdn.com.br/232x310/title-reference/magazineluiza/213481100/864946596ecb1292729990351fbe4f81.jpg]
[a-static.mlcdn.com.br/232x310/title-reference/magazineluiza/010038101/12b479ca667a65f3f03314ce330d4963.jpg]
[mvc.mlcdn.com.br/magazinevoce/img/worlds/destaque.png]
[mvc.mlcdn.com.br/magazinevoce/img/worlds/epoca.png]
[mvc.mlcdn.com.br/magazinevoce/img/worlds/netshoes.png]
[mvc.mlcdn.com.br/magazinevoce/img/worlds/zattini.png]
[mvc.mlcdn.com.br/magazinevoce/img/worlds/social.png]
[mvc.mlcdn.com.br/magazinevoce/img/worlds/livros.png]
[a-static.mlcdn.com.br/120x150/title-reference/magazineluiza/155554000/5cfdd7f56873acb5d3c0d9641b8c4ac0.jpg]
[a-static.mlcdn.com.br/120x150/title-reference/magazineluiza/012299200/421fecadf6c6877d28b146aed476b700.jpg]
[a-static.mlcdn.com.br/120x150/title-reference/magazineluiza/222382700/6c9068020c2a68e3264fb2be6c34a76b.jpg]
[a-static.mlcdn.com.br/120x150/sofa-retratil-reclinavel-3-lugares-chapeco-catarina/magazineluiza/218309900/5920e0558c6f369d17d40ea0939e2cc5.jpg]
[a-static.mlcdn.com.br/120x150/title-reference/magazineluiza/213481100/d8be8140e168483487181054c04d2b8a.jpg]
[a-static.mlcdn.com.br/120x150/title-reference/magazineluiza/010038101/d9cf1a9bef41890a6f5d6bd8437d0045.jpg]
[i.mlcdn.com.br/selo-ml/60x45/33166310-bc77-11ea-ad0b-2634616b240e.png]
[mvc.mlcdn.com.br/magazinevoce/bundles/jsStore-637dd0e2533805cf269f.js]
[connect.facebook.net/pt_BR/sdk.js]
[www.magazinevoce.com.br/magazinediegoluan/index.html]
[mvc.mlcdn.com.br/magazinevoce/img/common/avatar-magazine-voce5ca0.gif]
[mvc.mlcdn.com.br/magazinevoce/img/common/bg-banner5ca0.png]
[mvc.mlcdn.com.br/magazinevoce/img/common/arrow-banner-next5ca0.png]
[mvc.mlcdn.com.br/magazinevoce/img/common/arrow-banner-prev5ca0.png]
[mvc.mlcdn.com.br/magazinevoce/img/common/bg-center-banner5ca0.png]
[mvc.mlcdn.com.br/magazinevoce/img/common/bg-center-banner-mobile5ca0.png]
[mvc.mlcdn.com.br/magazinevoce/bundles/jsBase-637dd0e2533805cf269f.js]
[mvc.mlcdn.com.br/magazinevoce/img/common/logo-ebit5ca0.png]
[mvc.mlcdn.com.br/magazinevoce/img/loader/loader5ca0.gif]
[mvc.mlcdn.com.br/magazinevoce/img/common/message-bg5ca0.png]
[mvc.mlcdn.com.br/magazinevoce/img/loader/loader35ca0.gif]
[mvc.mlcdn.com.br/magazinevoce/img/common/stage-line5ca0.gif]
[mvc.mlcdn.com.br/magazinevoce/img/common/stage-line-blue5ca0.gif]
[mvc.mlcdn.com.br/magazinevoce/img/common/payment-sa1864813af.png]
[mvc.mlcdn.com.br/magazinevoce/img/common/payment-footer-s8d44b9e8f8.png]
[mvc.mlcdn.com.br/magazinevoce/img/common/s-s368283bddc.png]
[mvc.mlcdn.com.br/magazinevoce/img/glyphicons/glyphicons-halflings5ca0.png]
[mvc.mlcdn.com.br/magazinevoce/img/glyphicons/glyphicons-halflings-white5ca0.png]
[mvc.mlcdn.com.br/magazinevoce/img/common/avatar-selector5ca0.png]
[mvc.mlcdn.com.br/magazinevoce/img/loader/loader15ca0.gif]
[mvc.mlcdn.com.br/magazinevoce/img/common/floating_info_box5ca0.png]
[mvc.mlcdn.com.br/magazinevoce/img/common/stars5ca0.png]
[mvc.mlcdn.com.br/magazinevoce/img/common/bg-redes5ca0.png]
[mvc.mlcdn.com.br/magazinevoce/img/ios-button5ca0.png]
[mvc.mlcdn.com.br/magazinevoce/img/common/menu-side5ca0.png]
[mvc.mlcdn.com.br/magazinevoce/img/common/arrow-checked-showcase5ca0.png]
[mvc.mlcdn.com.br/magazinevoce/img/warranties/lu-header5ca0.png]
[mvc.mlcdn.com.br/magazinevoce/img/warranties/icon-protection5ca0.png]
[mvc.mlcdn.com.br/magazinevoce/img/warranties/icon-warranty5ca0.png]
[mvc.mlcdn.com.br/magazinevoce/img/warranties/logo_troca-certa5ca0.png]
[mvc.mlcdn.com.br/magazinevoce/img/warranties/icon-check5ca0.png]
[mvc.mlcdn.com.br/magazinevoce/img/warranties/icon-check-small5ca0.png]
[mvc.mlcdn.com.br/magazinevoce/img/warranties/icon-close5ca0.png]
[mvc.mlcdn.com.br/magazinevoce/img/warranties/icon-star5ca0.png]
[mvc.mlcdn.com.br/magazinevoce/img/warranties/icon-pdf5ca0.png]
[mvc.mlcdn.com.br/magazinevoce/img/warranties/icon-quotes5ca0.png]
[mvc.mlcdn.com.br/magazinevoce/bundles/cssBase-637dd0e2533805cf269f.css]
[mvc.mlcdn.com.br/magazinevoce/bundles/cssStore-637dd0e2533805cf269f.css]
[www.googletagmanager.com/gtm5445.html]
[connect.facebook.net/pt_BR/sdk.js]
